[     675ms] [INFO] %cDownload the React DevTools for a better development experience: https://reactjs.org/link/react-devtools font-weight:bold @ https://localhost:5174/node_modules/.vite/deps/chunk-GKJBSOWT.js?v=d68bc842:21550
[     996ms] [WARNING] Error while trying to use the following icon from the Manifest: https://localhost:5174/icons/icon-192.png (Download error or resource isn't a valid image) @ https://localhost:5174/login:0
[   18689ms] [INFO] %cDownload the React DevTools for a better development experience: https://reactjs.org/link/react-devtools font-weight:bold @ https://localhost:5174/node_modules/.vite/deps/chunk-GKJBSOWT.js?v=d68bc842:21550
[   18802ms] [WARNING] Error while trying to use the following icon from the Manifest: https://localhost:5174/icons/icon-192.png (Download error or resource isn't a valid image) @ https://localhost:5174/login:0
[   33507ms] [INFO] %cDownload the React DevTools for a better development experience: https://reactjs.org/link/react-devtools font-weight:bold @ https://localhost:5174/node_modules/.vite/deps/chunk-GKJBSOWT.js?v=d68bc842:21550
[   33813ms] [VERBOSE] [DOM] Multiple forms should be contained in their own form elements; break up complex forms into ones that represent a single action: (More info: https://goo.gl/9p2vKq) %o @ https://localhost:5174/settings:0
[   34038ms] [WARNING] Error while trying to use the following icon from the Manifest: https://localhost:5174/icons/icon-192.png (Download error or resource isn't a valid image) @ https://localhost:5174/settings:0
[   52491ms] [INFO] %cDownload the React DevTools for a better development experience: https://reactjs.org/link/react-devtools font-weight:bold @ https://localhost:5174/node_modules/.vite/deps/chunk-GKJBSOWT.js?v=d68bc842:21550
[   52769ms] [VERBOSE] [DOM] Multiple forms should be contained in their own form elements; break up complex forms into ones that represent a single action: (More info: https://goo.gl/9p2vKq) %o @ https://localhost:5174/settings:0
[   52870ms] [WARNING] Error while trying to use the following icon from the Manifest: https://localhost:5174/icons/icon-192.png (Download error or resource isn't a valid image) @ https://localhost:5174/settings:0
[   61010ms] [INFO] %cDownload the React DevTools for a better development experience: https://reactjs.org/link/react-devtools font-weight:bold @ https://localhost:5174/node_modules/.vite/deps/chunk-GKJBSOWT.js?v=d68bc842:21550
[   61239ms] [VERBOSE] [DOM] Multiple forms should be contained in their own form elements; break up complex forms into ones that represent a single action: (More info: https://goo.gl/9p2vKq) %o @ https://localhost:5174/settings:0
[   61380ms] [WARNING] Error while trying to use the following icon from the Manifest: https://localhost:5174/icons/icon-192.png (Download error or resource isn't a valid image) @ https://localhost:5174/settings:0
[   83554ms] [INFO] %cDownload the React DevTools for a better development experience: https://reactjs.org/link/react-devtools font-weight:bold @ https://localhost:5174/node_modules/.vite/deps/chunk-GKJBSOWT.js?v=d68bc842:21550
[   83826ms] [WARNING] Error while trying to use the following icon from the Manifest: https://localhost:5174/icons/icon-192.png (Download error or resource isn't a valid image) @ https://localhost:5174/settings:0
[   85575ms] [VERBOSE] [DOM] Multiple forms should be contained in their own form elements; break up complex forms into ones that represent a single action: (More info: https://goo.gl/9p2vKq) %o @ https://localhost:5174/settings:0
[   93374ms] [INFO] %cDownload the React DevTools for a better development experience: https://reactjs.org/link/react-devtools font-weight:bold @ https://localhost:5174/node_modules/.vite/deps/chunk-GKJBSOWT.js?v=d68bc842:21550
[   93740ms] [WARNING] Error while trying to use the following icon from the Manifest: https://localhost:5174/icons/icon-192.png (Download error or resource isn't a valid image) @ https://localhost:5174/settings:0
[   95431ms] [VERBOSE] [DOM] Multiple forms should be contained in their own form elements; break up complex forms into ones that represent a single action: (More info: https://goo.gl/9p2vKq) %o @ https://localhost:5174/settings:0
[  120543ms] [INFO] %cDownload the React DevTools for a better development experience: https://reactjs.org/link/react-devtools font-weight:bold @ https://localhost:5174/node_modules/.vite/deps/chunk-GKJBSOWT.js?v=d68bc842:21550
[  120691ms] [WARNING] Error while trying to use the following icon from the Manifest: https://localhost:5174/icons/icon-192.png (Download error or resource isn't a valid image) @ https://localhost:5174/settings:0
[  122763ms] [VERBOSE] [DOM] Multiple forms should be contained in their own form elements; break up complex forms into ones that represent a single action: (More info: https://goo.gl/9p2vKq) %o @ https://localhost:5174/settings:0
[  486406ms] [INFO] %cDownload the React DevTools for a better development experience: https://reactjs.org/link/react-devtools font-weight:bold @ https://localhost:5174/node_modules/.vite/deps/chunk-GKJBSOWT.js?v=d68bc842:21550
[  486998ms] [WARNING] Error while trying to use the following icon from the Manifest: https://localhost:5174/icons/icon-192.png (Download error or resource isn't a valid image) @ https://localhost:5174/ocr:0
[  489657ms] [ERROR] Failed to load resource: the server responded with a status of 404 (Not Found) @ https://localhost:5174/api/ocr/e3b90c60-e71b-4a52-8691-091d80f4479a:0
[  489659ms] [ERROR] Delete error: AxiosError: Request failed with status code 404
    at settle (https://localhost:5174/node_modules/.vite/deps/axios.js?v=d68bc842:1344:7)
    at XMLHttpRequest.onloadend (https://localhost:5174/node_modules/.vite/deps/axios.js?v=d68bc842:1707:7)
    at Axios.request (https://localhost:5174/node_modules/.vite/deps/axios.js?v=d68bc842:2355:41)
    at async Object.deleteReceipt (https://localhost:5174/src/services/ocrService.js?t=1776871787387:24:22)
    at async handleDelete (https://localhost:5174/src/pages/OcrPage.jsx?t=1776871925712:114:7) @ https://localhost:5174/src/pages/OcrPage.jsx?t=1776871925712:118
[  498032ms] [INFO] %cDownload the React DevTools for a better development experience: https://reactjs.org/link/react-devtools font-weight:bold @ https://localhost:5174/node_modules/.vite/deps/chunk-GKJBSOWT.js?v=d68bc842:21550
[  498238ms] [WARNING] Error while trying to use the following icon from the Manifest: https://localhost:5174/icons/icon-192.png (Download error or resource isn't a valid image) @ https://localhost:5174/ocr:0
[  498643ms] [ERROR] Failed to load resource: the server responded with a status of 404 (Not Found) @ https://localhost:5174/api/ocr/e3b90c60-e71b-4a52-8691-091d80f4479a:0
[  498644ms] [ERROR] Delete error: AxiosError: Request failed with status code 404
    at settle (https://localhost:5174/node_modules/.vite/deps/axios.js?v=d68bc842:1344:7)
    at XMLHttpRequest.onloadend (https://localhost:5174/node_modules/.vite/deps/axios.js?v=d68bc842:1707:7)
    at Axios.request (https://localhost:5174/node_modules/.vite/deps/axios.js?v=d68bc842:2355:41)
    at async Object.deleteReceipt (https://localhost:5174/src/services/ocrService.js?t=1776871787387:24:22)
    at async handleDelete (https://localhost:5174/src/pages/OcrPage.jsx?t=1776871925712:114:7) @ https://localhost:5174/src/pages/OcrPage.jsx?t=1776871925712:118
[  527689ms] [INFO] %cDownload the React DevTools for a better development experience: https://reactjs.org/link/react-devtools font-weight:bold @ https://localhost:5174/node_modules/.vite/deps/chunk-GKJBSOWT.js?v=d68bc842:21550
[  528099ms] [WARNING] Error while trying to use the following icon from the Manifest: https://localhost:5174/icons/icon-192.png (Download error or resource isn't a valid image) @ https://localhost:5174/ocr:0
[  547939ms] [INFO] %cDownload the React DevTools for a better development experience: https://reactjs.org/link/react-devtools font-weight:bold @ https://localhost:5174/node_modules/.vite/deps/chunk-GKJBSOWT.js?v=d68bc842:21550
[  548137ms] [WARNING] Error while trying to use the following icon from the Manifest: https://localhost:5174/icons/icon-192.png (Download error or resource isn't a valid image) @ https://localhost:5174/ocr:0
[ 1160239ms] [INFO] %cDownload the React DevTools for a better development experience: https://reactjs.org/link/react-devtools font-weight:bold @ https://localhost:5174/node_modules/.vite/deps/chunk-GKJBSOWT.js?v=d68bc842:21550
[ 1160718ms] [WARNING] Error while trying to use the following icon from the Manifest: https://localhost:5174/icons/icon-192.png (Download error or resource isn't a valid image) @ https://localhost:5174/ocr:0
[ 1283284ms] [INFO] %cDownload the React DevTools for a better development experience: https://reactjs.org/link/react-devtools font-weight:bold @ https://localhost:5174/node_modules/.vite/deps/chunk-GKJBSOWT.js?v=d68bc842:21550
[ 1283500ms] [WARNING] Error while trying to use the following icon from the Manifest: https://localhost:5174/icons/icon-192.png (Download error or resource isn't a valid image) @ https://localhost:5174/ocr:0
[ 1294536ms] [INFO] %cDownload the React DevTools for a better development experience: https://reactjs.org/link/react-devtools font-weight:bold @ https://localhost:5174/node_modules/.vite/deps/chunk-GKJBSOWT.js?v=d68bc842:21550
[ 1294739ms] [WARNING] Error while trying to use the following icon from the Manifest: https://localhost:5174/icons/icon-192.png (Download error or resource isn't a valid image) @ https://localhost:5174/ocr:0
[ 1624926ms] [ERROR] Failed to load resource: the server responded with a status of 500 (Internal Server Error) @ https://localhost:5174/api/stores/current:0
[ 1624927ms] [ERROR] Failed to refresh current store: AxiosError: Request failed with status code 500
    at settle (https://localhost:5174/node_modules/.vite/deps/axios.js?v=d68bc842:1344:7)
    at XMLHttpRequest.onloadend (https://localhost:5174/node_modules/.vite/deps/axios.js?v=d68bc842:1707:7) @ https://localhost:5174/src/contexts/AuthContext.jsx:99
[ 4192255ms] [INFO] %cDownload the React DevTools for a better development experience: https://reactjs.org/link/react-devtools font-weight:bold @ https://localhost:5174/node_modules/.vite/deps/chunk-GKJBSOWT.js?v=d68bc842:21550
[ 4192742ms] [WARNING] Error while trying to use the following icon from the Manifest: https://localhost:5174/icons/icon-192.png (Download error or resource isn't a valid image) @ https://localhost:5174/ocr:0
[ 6352427ms] [ERROR] Failed to load resource: the server responded with a status of 500 (Internal Server Error) @ https://localhost:5174/api/stores/current:0
[ 6352428ms] [ERROR] Failed to refresh current store: AxiosError: Request failed with status code 500
    at settle (https://localhost:5174/node_modules/.vite/deps/axios.js?v=d68bc842:1344:7)
    at XMLHttpRequest.onloadend (https://localhost:5174/node_modules/.vite/deps/axios.js?v=d68bc842:1707:7) @ https://localhost:5174/src/contexts/AuthContext.jsx:99
[ 7072424ms] [ERROR] Failed to load resource: the server responded with a status of 500 (Internal Server Error) @ https://localhost:5174/api/stores/current:0
[ 7072425ms] [ERROR] Failed to refresh current store: AxiosError: Request failed with status code 500
    at settle (https://localhost:5174/node_modules/.vite/deps/axios.js?v=d68bc842:1344:7)
    at XMLHttpRequest.onloadend (https://localhost:5174/node_modules/.vite/deps/axios.js?v=d68bc842:1707:7) @ https://localhost:5174/src/contexts/AuthContext.jsx:99
[28822984ms] [ERROR] Failed to load resource: the server responded with a status of 401 (Unauthorized) @ https://localhost:5174/api/stores/current:0
[28822988ms] [ERROR] Failed to refresh current store: AxiosError: Request failed with status code 401
    at settle (https://localhost:5174/node_modules/.vite/deps/axios.js?v=d68bc842:1344:7)
    at XMLHttpRequest.onloadend (https://localhost:5174/node_modules/.vite/deps/axios.js?v=d68bc842:1707:7) @ https://localhost:5174/src/contexts/AuthContext.jsx:99
[28823384ms] [INFO] %cDownload the React DevTools for a better development experience: https://reactjs.org/link/react-devtools font-weight:bold @ https://localhost:5174/node_modules/.vite/deps/chunk-GKJBSOWT.js?v=d68bc842:21550
[28823558ms] [WARNING] Error while trying to use the following icon from the Manifest: https://localhost:5174/icons/icon-192.png (Download error or resource isn't a valid image) @ https://localhost:5174/login:0
